IPTV Feature Check Report
=========================
Playlist files loaded : 8
Total parsed streams  : 2362
After duplicate remove: 2362
Checked (async)       : 200
Dead removed          : 153
Final survivors       : 2209
Movies                : 1363
TV channels           : 846
Posters generated     : 10
EPG channels loaded   : 0
Category groups       : 74

Sample quality checks:
  - Welcome to PlayZ TV => Unknown | HLS valid: True
  - Ekushey TV => Unknown | HLS valid: True
  - Deepto TV => Unknown | HLS valid: True
  - Deshe Bideshe => Unknown | HLS valid: False
  - Channel I => 720p | HLS valid: True
  - NTV => 720p | HLS valid: True
  - Bangla Vision => 720p | HLS valid: True
  - RTV => 720p | HLS valid: True
  - ATN Bangla => 720p | HLS valid: True
  - ETV => 720p | HLS valid: True
  - Maasranga TV => 720p | HLS valid: True
  - Deepto TV => SD | HLS valid: True
  - Ekhon TV => 720p | HLS valid: True
  - SA TV => 720p | HLS valid: True
  - Asian TV => 720p | HLS valid: True
